// Jest Snapshot v1, https://goo.gl/fbAQLP

exports[`App snapshot 1`] = `
ShallowWrapper {
  Symbol(enzyme.__root__): [Circular],
  Symbol(enzyme.__unrendered__): <App />,
  Symbol(enzyme.__renderer__): Object {
    "batchedUpdates": [Function],
    "getNode": [Function],
    "render": [Function],
    "simulateError": [Function],
    "simulateEvent": [Function],
    "unmount": [Function],
  },
  Symbol(enzyme.__node__): Object {
    "instance": null,
    "key": undefined,
    "nodeType": "host",
    "props": Object {
      "children": Array [
        <Welcome
          onClick={[Function]}
        />,
        <ForwardRef>
          <Carousel>
            <ProjectSlide
              description="Get random quotes about design."
              imgUrl="random-quote-machine.png"
              stack="React, Redux, Redux-Thunk, REST API"
              title="Random Quote Machine"
            >
              <Link
                replace={false}
                tabIndex="-1"
                to="/random-quote-machine"
              >
                explore
              </Link>
            </ProjectSlide>
            <ProjectSlide
              description="Drop some beats."
              imgUrl="drum-machine.png"
              stack="React, Redux, SASS"
              title="Drum Machine"
            >
              <Link
                replace={false}
                tabIndex="-1"
                to="/drum-machine"
              >
                explore
              </Link>
            </ProjectSlide>
            <ProjectSlide
              description="Simple javascript calculator."
              imgUrl="calc.png"
              stack="React, Redux, Redux-Thunk"
              title="Calculator"
            >
              <Link
                replace={false}
                tabIndex="-1"
                to="/calc"
              >
                explore
              </Link>
            </ProjectSlide>
            <ProjectSlide
              description="Use the Pomodoro Technique to help you increase your focus."
              imgUrl="pomodoro-clock.png"
              stack="React, SASS"
              title="Pomodoro Clock"
            >
              <Link
                replace={false}
                tabIndex="-1"
                to="/pomodoro-clock"
              >
                explore
              </Link>
            </ProjectSlide>
            <ProjectSlide
              description="Check weather in your current location or in other cities."
              imgUrl="weather-app.png"
              stack="React, SASS, REST API"
              title="Weather App"
            >
              <Link
                replace={false}
                tabIndex="-1"
                to="/weather-app"
              >
                explore
              </Link>
            </ProjectSlide>
          </Carousel>
        </ForwardRef>,
        <Switch>
          <Route
            component={[Function]}
            path="/layer"
          />
          <Route
            path="/:project"
            render={[Function]}
          />
        </Switch>,
      ],
      "className": "App",
    },
    "ref": null,
    "rendered": Array [
      Object {
        "instance": null,
        "key": undefined,
        "nodeType": "function",
        "props": Object {
          "onClick": [Function],
        },
        "ref": null,
        "rendered": null,
        "type": [Function],
      },
      Object {
        "instance": null,
        "key": undefined,
        "nodeType": "function",
        "props": Object {
          "children": <Carousel>
            <ProjectSlide
              description="Get random quotes about design."
              imgUrl="random-quote-machine.png"
              stack="React, Redux, Redux-Thunk, REST API"
              title="Random Quote Machine"
            >
              <Link
                replace={false}
                tabIndex="-1"
                to="/random-quote-machine"
              >
                explore
              </Link>
            </ProjectSlide>
            <ProjectSlide
              description="Drop some beats."
              imgUrl="drum-machine.png"
              stack="React, Redux, SASS"
              title="Drum Machine"
            >
              <Link
                replace={false}
                tabIndex="-1"
                to="/drum-machine"
              >
                explore
              </Link>
            </ProjectSlide>
            <ProjectSlide
              description="Simple javascript calculator."
              imgUrl="calc.png"
              stack="React, Redux, Redux-Thunk"
              title="Calculator"
            >
              <Link
                replace={false}
                tabIndex="-1"
                to="/calc"
              >
                explore
              </Link>
            </ProjectSlide>
            <ProjectSlide
              description="Use the Pomodoro Technique to help you increase your focus."
              imgUrl="pomodoro-clock.png"
              stack="React, SASS"
              title="Pomodoro Clock"
            >
              <Link
                replace={false}
                tabIndex="-1"
                to="/pomodoro-clock"
              >
                explore
              </Link>
            </ProjectSlide>
            <ProjectSlide
              description="Check weather in your current location or in other cities."
              imgUrl="weather-app.png"
              stack="React, SASS, REST API"
              title="Weather App"
            >
              <Link
                replace={false}
                tabIndex="-1"
                to="/weather-app"
              >
                explore
              </Link>
            </ProjectSlide>
          </Carousel>,
        },
        "ref": Object {
          "current": null,
        },
        "rendered": Object {
          "instance": null,
          "key": undefined,
          "nodeType": "class",
          "props": Object {
            "children": Array [
              <ProjectSlide
                description="Get random quotes about design."
                imgUrl="random-quote-machine.png"
                stack="React, Redux, Redux-Thunk, REST API"
                title="Random Quote Machine"
              >
                <Link
                  replace={false}
                  tabIndex="-1"
                  to="/random-quote-machine"
                >
                  explore
                </Link>
              </ProjectSlide>,
              <ProjectSlide
                description="Drop some beats."
                imgUrl="drum-machine.png"
                stack="React, Redux, SASS"
                title="Drum Machine"
              >
                <Link
                  replace={false}
                  tabIndex="-1"
                  to="/drum-machine"
                >
                  explore
                </Link>
              </ProjectSlide>,
              <ProjectSlide
                description="Simple javascript calculator."
                imgUrl="calc.png"
                stack="React, Redux, Redux-Thunk"
                title="Calculator"
              >
                <Link
                  replace={false}
                  tabIndex="-1"
                  to="/calc"
                >
                  explore
                </Link>
              </ProjectSlide>,
              <ProjectSlide
                description="Use the Pomodoro Technique to help you increase your focus."
                imgUrl="pomodoro-clock.png"
                stack="React, SASS"
                title="Pomodoro Clock"
              >
                <Link
                  replace={false}
                  tabIndex="-1"
                  to="/pomodoro-clock"
                >
                  explore
                </Link>
              </ProjectSlide>,
              <ProjectSlide
                description="Check weather in your current location or in other cities."
                imgUrl="weather-app.png"
                stack="React, SASS, REST API"
                title="Weather App"
              >
                <Link
                  replace={false}
                  tabIndex="-1"
                  to="/weather-app"
                >
                  explore
                </Link>
              </ProjectSlide>,
            ],
          },
          "ref": null,
          "rendered": Array [
            Object {
              "instance": null,
              "key": "random-quote-machine",
              "nodeType": "function",
              "props": Object {
                "children": <Link
                  replace={false}
                  tabIndex="-1"
                  to="/random-quote-machine"
                >
                  explore
                </Link>,
                "description": "Get random quotes about design.",
                "imgUrl": "random-quote-machine.png",
                "stack": "React, Redux, Redux-Thunk, REST API",
                "title": "Random Quote Machine",
              },
              "ref": null,
              "rendered": Object {
                "instance": null,
                "key": undefined,
                "nodeType": "class",
                "props": Object {
                  "children": "explore",
                  "replace": false,
                  "tabIndex": "-1",
                  "to": "/random-quote-machine",
                },
                "ref": null,
                "rendered": "explore",
                "type": [Function],
              },
              "type": [Function],
            },
            Object {
              "instance": null,
              "key": "drum-machine",
              "nodeType": "function",
              "props": Object {
                "children": <Link
                  replace={false}
                  tabIndex="-1"
                  to="/drum-machine"
                >
                  explore
                </Link>,
                "description": "Drop some beats.",
                "imgUrl": "drum-machine.png",
                "stack": "React, Redux, SASS",
                "title": "Drum Machine",
              },
              "ref": null,
              "rendered": Object {
                "instance": null,
                "key": undefined,
                "nodeType": "class",
                "props": Object {
                  "children": "explore",
                  "replace": false,
                  "tabIndex": "-1",
                  "to": "/drum-machine",
                },
                "ref": null,
                "rendered": "explore",
                "type": [Function],
              },
              "type": [Function],
            },
            Object {
              "instance": null,
              "key": "calc",
              "nodeType": "function",
              "props": Object {
                "children": <Link
                  replace={false}
                  tabIndex="-1"
                  to="/calc"
                >
                  explore
                </Link>,
                "description": "Simple javascript calculator.",
                "imgUrl": "calc.png",
                "stack": "React, Redux, Redux-Thunk",
                "title": "Calculator",
              },
              "ref": null,
              "rendered": Object {
                "instance": null,
                "key": undefined,
                "nodeType": "class",
                "props": Object {
                  "children": "explore",
                  "replace": false,
                  "tabIndex": "-1",
                  "to": "/calc",
                },
                "ref": null,
                "rendered": "explore",
                "type": [Function],
              },
              "type": [Function],
            },
            Object {
              "instance": null,
              "key": "pomodoro-clock",
              "nodeType": "function",
              "props": Object {
                "children": <Link
                  replace={false}
                  tabIndex="-1"
                  to="/pomodoro-clock"
                >
                  explore
                </Link>,
                "description": "Use the Pomodoro Technique to help you increase your focus.",
                "imgUrl": "pomodoro-clock.png",
                "stack": "React, SASS",
                "title": "Pomodoro Clock",
              },
              "ref": null,
              "rendered": Object {
                "instance": null,
                "key": undefined,
                "nodeType": "class",
                "props": Object {
                  "children": "explore",
                  "replace": false,
                  "tabIndex": "-1",
                  "to": "/pomodoro-clock",
                },
                "ref": null,
                "rendered": "explore",
                "type": [Function],
              },
              "type": [Function],
            },
            Object {
              "instance": null,
              "key": "weather-app",
              "nodeType": "function",
              "props": Object {
                "children": <Link
                  replace={false}
                  tabIndex="-1"
                  to="/weather-app"
                >
                  explore
                </Link>,
                "description": "Check weather in your current location or in other cities.",
                "imgUrl": "weather-app.png",
                "stack": "React, SASS, REST API",
                "title": "Weather App",
              },
              "ref": null,
              "rendered": Object {
                "instance": null,
                "key": undefined,
                "nodeType": "class",
                "props": Object {
                  "children": "explore",
                  "replace": false,
                  "tabIndex": "-1",
                  "to": "/weather-app",
                },
                "ref": null,
                "rendered": "explore",
                "type": [Function],
              },
              "type": [Function],
            },
          ],
          "type": [Function],
        },
        "type": Object {
          "$$typeof": Symbol(react.forward_ref),
          "render": [Function],
        },
      },
      Object {
        "instance": null,
        "key": undefined,
        "nodeType": "class",
        "props": Object {
          "children": Array [
            <Route
              component={[Function]}
              path="/layer"
            />,
            <Route
              path="/:project"
              render={[Function]}
            />,
          ],
        },
        "ref": null,
        "rendered": Array [
          Object {
            "instance": null,
            "key": undefined,
            "nodeType": "class",
            "props": Object {
              "component": [Function],
              "path": "/layer",
            },
            "ref": null,
            "rendered": null,
            "type": [Function],
          },
          Object {
            "instance": null,
            "key": undefined,
            "nodeType": "class",
            "props": Object {
              "path": "/:project",
              "render": [Function],
            },
            "ref": null,
            "rendered": null,
            "type": [Function],
          },
        ],
        "type": [Function],
      },
    ],
    "type": "div",
  },
  Symbol(enzyme.__nodes__): Array [
    Object {
      "instance": null,
      "key": undefined,
      "nodeType": "host",
      "props": Object {
        "children": Array [
          <Welcome
            onClick={[Function]}
          />,
          <ForwardRef>
            <Carousel>
              <ProjectSlide
                description="Get random quotes about design."
                imgUrl="random-quote-machine.png"
                stack="React, Redux, Redux-Thunk, REST API"
                title="Random Quote Machine"
              >
                <Link
                  replace={false}
                  tabIndex="-1"
                  to="/random-quote-machine"
                >
                  explore
                </Link>
              </ProjectSlide>
              <ProjectSlide
                description="Drop some beats."
                imgUrl="drum-machine.png"
                stack="React, Redux, SASS"
                title="Drum Machine"
              >
                <Link
                  replace={false}
                  tabIndex="-1"
                  to="/drum-machine"
                >
                  explore
                </Link>
              </ProjectSlide>
              <ProjectSlide
                description="Simple javascript calculator."
                imgUrl="calc.png"
                stack="React, Redux, Redux-Thunk"
                title="Calculator"
              >
                <Link
                  replace={false}
                  tabIndex="-1"
                  to="/calc"
                >
                  explore
                </Link>
              </ProjectSlide>
              <ProjectSlide
                description="Use the Pomodoro Technique to help you increase your focus."
                imgUrl="pomodoro-clock.png"
                stack="React, SASS"
                title="Pomodoro Clock"
              >
                <Link
                  replace={false}
                  tabIndex="-1"
                  to="/pomodoro-clock"
                >
                  explore
                </Link>
              </ProjectSlide>
              <ProjectSlide
                description="Check weather in your current location or in other cities."
                imgUrl="weather-app.png"
                stack="React, SASS, REST API"
                title="Weather App"
              >
                <Link
                  replace={false}
                  tabIndex="-1"
                  to="/weather-app"
                >
                  explore
                </Link>
              </ProjectSlide>
            </Carousel>
          </ForwardRef>,
          <Switch>
            <Route
              component={[Function]}
              path="/layer"
            />
            <Route
              path="/:project"
              render={[Function]}
            />
          </Switch>,
        ],
        "className": "App",
      },
      "ref": null,
      "rendered": Array [
        Object {
          "instance": null,
          "key": undefined,
          "nodeType": "function",
          "props": Object {
            "onClick": [Function],
          },
          "ref": null,
          "rendered": null,
          "type": [Function],
        },
        Object {
          "instance": null,
          "key": undefined,
          "nodeType": "function",
          "props": Object {
            "children": <Carousel>
              <ProjectSlide
                description="Get random quotes about design."
                imgUrl="random-quote-machine.png"
                stack="React, Redux, Redux-Thunk, REST API"
                title="Random Quote Machine"
              >
                <Link
                  replace={false}
                  tabIndex="-1"
                  to="/random-quote-machine"
                >
                  explore
                </Link>
              </ProjectSlide>
              <ProjectSlide
                description="Drop some beats."
                imgUrl="drum-machine.png"
                stack="React, Redux, SASS"
                title="Drum Machine"
              >
                <Link
                  replace={false}
                  tabIndex="-1"
                  to="/drum-machine"
                >
                  explore
                </Link>
              </ProjectSlide>
              <ProjectSlide
                description="Simple javascript calculator."
                imgUrl="calc.png"
                stack="React, Redux, Redux-Thunk"
                title="Calculator"
              >
                <Link
                  replace={false}
                  tabIndex="-1"
                  to="/calc"
                >
                  explore
                </Link>
              </ProjectSlide>
              <ProjectSlide
                description="Use the Pomodoro Technique to help you increase your focus."
                imgUrl="pomodoro-clock.png"
                stack="React, SASS"
                title="Pomodoro Clock"
              >
                <Link
                  replace={false}
                  tabIndex="-1"
                  to="/pomodoro-clock"
                >
                  explore
                </Link>
              </ProjectSlide>
              <ProjectSlide
                description="Check weather in your current location or in other cities."
                imgUrl="weather-app.png"
                stack="React, SASS, REST API"
                title="Weather App"
              >
                <Link
                  replace={false}
                  tabIndex="-1"
                  to="/weather-app"
                >
                  explore
                </Link>
              </ProjectSlide>
            </Carousel>,
          },
          "ref": Object {
            "current": null,
          },
          "rendered": Object {
            "instance": null,
            "key": undefined,
            "nodeType": "class",
            "props": Object {
              "children": Array [
                <ProjectSlide
                  description="Get random quotes about design."
                  imgUrl="random-quote-machine.png"
                  stack="React, Redux, Redux-Thunk, REST API"
                  title="Random Quote Machine"
                >
                  <Link
                    replace={false}
                    tabIndex="-1"
                    to="/random-quote-machine"
                  >
                    explore
                  </Link>
                </ProjectSlide>,
                <ProjectSlide
                  description="Drop some beats."
                  imgUrl="drum-machine.png"
                  stack="React, Redux, SASS"
                  title="Drum Machine"
                >
                  <Link
                    replace={false}
                    tabIndex="-1"
                    to="/drum-machine"
                  >
                    explore
                  </Link>
                </ProjectSlide>,
                <ProjectSlide
                  description="Simple javascript calculator."
                  imgUrl="calc.png"
                  stack="React, Redux, Redux-Thunk"
                  title="Calculator"
                >
                  <Link
                    replace={false}
                    tabIndex="-1"
                    to="/calc"
                  >
                    explore
                  </Link>
                </ProjectSlide>,
                <ProjectSlide
                  description="Use the Pomodoro Technique to help you increase your focus."
                  imgUrl="pomodoro-clock.png"
                  stack="React, SASS"
                  title="Pomodoro Clock"
                >
                  <Link
                    replace={false}
                    tabIndex="-1"
                    to="/pomodoro-clock"
                  >
                    explore
                  </Link>
                </ProjectSlide>,
                <ProjectSlide
                  description="Check weather in your current location or in other cities."
                  imgUrl="weather-app.png"
                  stack="React, SASS, REST API"
                  title="Weather App"
                >
                  <Link
                    replace={false}
                    tabIndex="-1"
                    to="/weather-app"
                  >
                    explore
                  </Link>
                </ProjectSlide>,
              ],
            },
            "ref": null,
            "rendered": Array [
              Object {
                "instance": null,
                "key": "random-quote-machine",
                "nodeType": "function",
                "props": Object {
                  "children": <Link
                    replace={false}
                    tabIndex="-1"
                    to="/random-quote-machine"
                  >
                    explore
                  </Link>,
                  "description": "Get random quotes about design.",
                  "imgUrl": "random-quote-machine.png",
                  "stack": "React, Redux, Redux-Thunk, REST API",
                  "title": "Random Quote Machine",
                },
                "ref": null,
                "rendered": Object {
                  "instance": null,
                  "key": undefined,
                  "nodeType": "class",
                  "props": Object {
                    "children": "explore",
                    "replace": false,
                    "tabIndex": "-1",
                    "to": "/random-quote-machine",
                  },
                  "ref": null,
                  "rendered": "explore",
                  "type": [Function],
                },
                "type": [Function],
              },
              Object {
                "instance": null,
                "key": "drum-machine",
                "nodeType": "function",
                "props": Object {
                  "children": <Link
                    replace={false}
                    tabIndex="-1"
                    to="/drum-machine"
                  >
                    explore
                  </Link>,
                  "description": "Drop some beats.",
                  "imgUrl": "drum-machine.png",
                  "stack": "React, Redux, SASS",
                  "title": "Drum Machine",
                },
                "ref": null,
                "rendered": Object {
                  "instance": null,
                  "key": undefined,
                  "nodeType": "class",
                  "props": Object {
                    "children": "explore",
                    "replace": false,
                    "tabIndex": "-1",
                    "to": "/drum-machine",
                  },
                  "ref": null,
                  "rendered": "explore",
                  "type": [Function],
                },
                "type": [Function],
              },
              Object {
                "instance": null,
                "key": "calc",
                "nodeType": "function",
                "props": Object {
                  "children": <Link
                    replace={false}
                    tabIndex="-1"
                    to="/calc"
                  >
                    explore
                  </Link>,
                  "description": "Simple javascript calculator.",
                  "imgUrl": "calc.png",
                  "stack": "React, Redux, Redux-Thunk",
                  "title": "Calculator",
                },
                "ref": null,
                "rendered": Object {
                  "instance": null,
                  "key": undefined,
                  "nodeType": "class",
                  "props": Object {
                    "children": "explore",
                    "replace": false,
                    "tabIndex": "-1",
                    "to": "/calc",
                  },
                  "ref": null,
                  "rendered": "explore",
                  "type": [Function],
                },
                "type": [Function],
              },
              Object {
                "instance": null,
                "key": "pomodoro-clock",
                "nodeType": "function",
                "props": Object {
                  "children": <Link
                    replace={false}
                    tabIndex="-1"
                    to="/pomodoro-clock"
                  >
                    explore
                  </Link>,
                  "description": "Use the Pomodoro Technique to help you increase your focus.",
                  "imgUrl": "pomodoro-clock.png",
                  "stack": "React, SASS",
                  "title": "Pomodoro Clock",
                },
                "ref": null,
                "rendered": Object {
                  "instance": null,
                  "key": undefined,
                  "nodeType": "class",
                  "props": Object {
                    "children": "explore",
                    "replace": false,
                    "tabIndex": "-1",
                    "to": "/pomodoro-clock",
                  },
                  "ref": null,
                  "rendered": "explore",
                  "type": [Function],
                },
                "type": [Function],
              },
              Object {
                "instance": null,
                "key": "weather-app",
                "nodeType": "function",
                "props": Object {
                  "children": <Link
                    replace={false}
                    tabIndex="-1"
                    to="/weather-app"
                  >
                    explore
                  </Link>,
                  "description": "Check weather in your current location or in other cities.",
                  "imgUrl": "weather-app.png",
                  "stack": "React, SASS, REST API",
                  "title": "Weather App",
                },
                "ref": null,
                "rendered": Object {
                  "instance": null,
                  "key": undefined,
                  "nodeType": "class",
                  "props": Object {
                    "children": "explore",
                    "replace": false,
                    "tabIndex": "-1",
                    "to": "/weather-app",
                  },
                  "ref": null,
                  "rendered": "explore",
                  "type": [Function],
                },
                "type": [Function],
              },
            ],
            "type": [Function],
          },
          "type": Object {
            "$$typeof": Symbol(react.forward_ref),
            "render": [Function],
          },
        },
        Object {
          "instance": null,
          "key": undefined,
          "nodeType": "class",
          "props": Object {
            "children": Array [
              <Route
                component={[Function]}
                path="/layer"
              />,
              <Route
                path="/:project"
                render={[Function]}
              />,
            ],
          },
          "ref": null,
          "rendered": Array [
            Object {
              "instance": null,
              "key": undefined,
              "nodeType": "class",
              "props": Object {
                "component": [Function],
                "path": "/layer",
              },
              "ref": null,
              "rendered": null,
              "type": [Function],
            },
            Object {
              "instance": null,
              "key": undefined,
              "nodeType": "class",
              "props": Object {
                "path": "/:project",
                "render": [Function],
              },
              "ref": null,
              "rendered": null,
              "type": [Function],
            },
          ],
          "type": [Function],
        },
      ],
      "type": "div",
    },
  ],
  Symbol(enzyme.__options__): Object {
    "adapter": ReactSixteenAdapter {
      "options": Object {
        "enableComponentDidUpdateOnSetState": true,
        "lifecycles": Object {
          "componentDidUpdate": Object {
            "onSetState": true,
          },
          "getDerivedStateFromProps": true,
          "getSnapshotBeforeUpdate": true,
          "setState": Object {
            "skipsComponentDidUpdateOnNullish": true,
          },
        },
      },
    },
    "attachTo": undefined,
    "hydrateIn": undefined,
  },
}
`;
